<html>
<body>
<pre>
<h1>µVision Build Log</h1>
<h2>Tool Versions:</h2>
IDE-Version: ¦ÌVision V5.25.2.0
Copyright (C) 2018 ARM Ltd and ARM Germany GmbH. All rights reserved.
License Information: 1 1, 1, LIC=LSNXV-PJK0T-30UNC-7J9RR-PR17J-FNX6J
 
Tool Versions:
Toolchain:       MDK-ARM Plus  Version: 5.25.2.0
Toolchain Path:  C:\Keil_v5\ARM\ARMCC\Bin
C Compiler:      Armcc.exe V5.06 update 6 (build 750)
Assembler:       Armasm.exe V5.06 update 6 (build 750)
Linker/Locator:  ArmLink.exe V5.06 update 6 (build 750)
Library Manager: ArmAr.exe V5.06 update 6 (build 750)
Hex Converter:   FromElf.exe V5.06 update 6 (build 750)
CPU DLL:         SARMCM3.DLL V5.25.2.0
Dialog DLL:      DARMSTM.DLL V1.68.0.0
Target DLL:      Segger\JL2CM3.dll V2.99.29.0
Dialog DLL:      TARMSTM.DLL V1.66.0.0
 
<h2>Project:</h2>
C:\Users\Huafeng\Documents\Tencent Files\2940632920\FileRecv\4G_Relay_X2(3034GREX103)³ÌÐòÄ£°å\Project\MDK-ARM(uV5)\project.uvprojx
Project File Date:  04/22/2024

<h2>Output:</h2>
*** Using Compiler 'V5.06 update 6 (build 750)', folder: 'C:\Keil_v5\ARM\ARMCC\Bin'
Rebuild target 'Flash'
compiling main.c...
..\..\User\AIR780E.h(12): warning:  #1295-D: Deprecated declaration Is_Air780e_Online - give arg types
  uint8_t  Is_Air780e_Online();
..\..\User\main.c(24): warning:  #1295-D: Deprecated declaration Relay_Init - give arg types
  void Relay_Init();
..\..\User\main.c(25): warning:  #1295-D: Deprecated declaration Relay1_Init - give arg types
  void Relay1_Init();
..\..\User\main.c(64): warning:  #188-D: enumerated type mixed with another type
  				RELAY_ON;
..\..\User\main.c(65): warning:  #188-D: enumerated type mixed with another type
  				RELAY1_ON;
..\..\User\main.c(69): warning:  #188-D: enumerated type mixed with another type
  				RELAY_OFF;
..\..\User\main.c(70): warning:  #188-D: enumerated type mixed with another type
  				RELAY_OFF;
..\..\User\main.c: 7 warnings, 0 errors
compiling air780e.c...
..\..\User\AIR780E.h(12): warning:  #1295-D: Deprecated declaration Is_Air780e_Online - give arg types
  uint8_t  Is_Air780e_Online();
..\..\User\air780e.c(6): warning:  #177-D: variable "gpio_init"  was declared but never referenced
  	GPIO_InitTypeDef gpio_init;
..\..\User\air780e.c(43): warning:  #177-D: variable "timeout"  was declared but never referenced
  	uint8_t read=0,status=0,timeout=0;
..\..\User\air780e.c(118): warning:  #111-D: statement is unreachable
  						}break;
..\..\User\air780e.c(125): warning:  #940-D: missing return statement at end of non-void function "Is_Air780e_Online" 
  }
..\..\User\air780e.c: 5 warnings, 0 errors
compiling stm32f1xx_hal_msp.c...
..\..\User\AIR780E.h(12): warning:  #1295-D: Deprecated declaration Is_Air780e_Online - give arg types
  uint8_t  Is_Air780e_Online();
..\..\User\stm32f1xx_hal_msp.c: 1 warning, 0 errors
compiling stm32f1xx_it.c...
..\..\User\AIR780E.h(12): warning:  #1295-D: Deprecated declaration Is_Air780e_Online - give arg types
  uint8_t  Is_Air780e_Online();
..\..\User\stm32f1xx_it.c: 1 warning, 0 errors
compiling bsp_timer.c...
compiling bsp.c...
compiling bsp_key.c...
compiling bsp_uart_fifo.c...
assembling startup_stm32f103x6.s...
compiling stm32f1xx_hal.c...
compiling stm32f1xx_hal_uart.c...
compiling stm32f1xx_hal_rcc.c...
compiling stm32f1xx_hal_tim.c...
compiling stm32f1xx_hal_cortex.c...
compiling stm32f1xx_hal_gpio.c...
compiling stm32f1xx_hal_pwr.c...
compiling stm32f1xx_hal_dma.c...
assembling HardFaultHandler.S...
compiling system_stm32f1xx.c...
compiling stm32f1xx_hal_tim_ex.c...
compiling SEGGER_HardFaultHandler.c...
linking...
Program Size: Code=8500 RO-data=348 RW-data=56 ZI-data=5384  
FromELF: creating hex file...
".\Objects\project.axf" - 0 Error(s), 14 Warning(s).

<h2>Software Packages used:</h2>

Package Vendor: Keil
                http://www.keil.com/pack/Keil.STM32F1xx_DFP.2.3.0.pack
                Keil.STM32F1xx_DFP.2.3.0
                STMicroelectronics STM32F1 Series Device Support, Drivers and Examples

<h2>Collection of Component include folders:</h2>
  .\RTE\_Flash
  C:\Keil_v5\ARM\PACK\Keil\STM32F1xx_DFP\2.3.0\Device\Include

<h2>Collection of Component Files used:</h2>
Build Time Elapsed:  00:00:11
</pre>
</body>
</html>
